******************************************************************************
                  TI ARM Linker Unix v20.2.7                   
******************************************************************************
>> Linked Tue Aug 29 05:04:39 2023

OUTPUT FILE NAME:   <complex_calculator.out>
ENTRY POINT SYMBOL: "_c_int00_noargs"  address: 00001249


MEMORY CONFIGURATION

         name            origin    length      used     unused   attr    fill
----------------------  --------  ---------  --------  --------  ----  --------
  FLASH                 00000000   00040000  000013ee  0003ec12  R  X
  SRAM                  20000000   00008000  00000254  00007dac  RW X


SEGMENT ALLOCATION MAP

run origin  load origin   length   init length attrs members
----------  ----------- ---------- ----------- ----- -------
00000000    00000000    000013f0   000013f0    r-x
  00000000    00000000    0000026c   0000026c    r-- .intvecs
  0000026c    0000026c    000010a2   000010a2    r-x .text
  0000130e    0000130e    00000090   00000090    r-- .const
  000013a0    000013a0    00000050   00000050    r-- .cinit
20000000    20000000    00000254   00000000    rw-
  20000000    20000000    00000200   00000000    rw- .stack
  20000200    20000200    0000002c   00000000    rw- .bss
  2000022c    2000022c    00000028   00000000    rw- .data


SECTION ALLOCATION MAP

 output                                  attributes/
section   page    origin      length       input sections
--------  ----  ----------  ----------   ----------------
.intvecs   0    00000000    0000026c     
                  00000000    0000026c     tm4c123gh6pm_startup_ccs.obj (.intvecs)

.text      0    0000026c    000010a2     
                  0000026c    00000680     Calculator.obj (.text)
                  000008ec    00000468     GPIO_Program.obj (.text)
                  00000d54    000002c2     LCD.obj (.text)
                  00001016    00000002     --HOLE-- [fill = 0]
                  00001018    000000e8     KeyPad.obj (.text)
                  00001100    0000009c     rtsv7M4_T_le_v4SPD16_eabi.lib : memcpy_t2.asm.obj (.text)
                  0000119c    00000068                                   : copy_decompress_lzss.c.obj (.text:decompress:lzss:__TI_decompress_lzss)
                  00001204    00000044                                   : autoinit.c.obj (.text:__TI_auto_init_nobinit_nopinit:__TI_auto_init_nobinit_nopinit)
                  00001248    00000034                                   : boot_cortex_m.c.obj (.text:_c_int00_noargs:_c_int00_noargs)
                  0000127c    00000030     main.obj (.text)
                  000012ac    00000024     UTILS.obj (.text)
                  000012d0    0000001c     rtsv7M4_T_le_v4SPD16_eabi.lib : copy_zero_init.c.obj (.text:decompress:ZI:__TI_zero_init_nomemset:__TI_zero_init_nomemset)
                  000012ec    0000000e                                   : copy_decompress_none.c.obj (.text:decompress:none:__TI_decompress_none)
                  000012fa    0000000c     tm4c123gh6pm_startup_ccs.obj (.text)
                  00001306    00000004     rtsv7M4_T_le_v4SPD16_eabi.lib : pre_init.c.obj (.text:_system_pre_init)
                  0000130a    00000004                                   : exit.c.obj (.text:abort:abort)

.const     0    0000130e    00000090     
                  0000130e    00000090     main.obj (.const:$P$T0$1)

.cinit     0    000013a0    00000050     
                  000013a0    00000029     (.cinit..data.load) [load image, compression = lzss]
                  000013c9    00000003     --HOLE-- [fill = 0]
                  000013cc    0000000c     (__TI_handler_table)
                  000013d8    00000008     (.cinit..bss.load) [load image, compression = zero_init]
                  000013e0    00000010     (__TI_cinit_table)

.init_array 
*          0    00000000    00000000     UNINITIALIZED

.bss       0    20000200    0000002c     UNINITIALIZED
                  20000200    00000018     Calculator.obj (.bss:operands)
                  20000218    0000000c     Calculator.obj (.bss)
                  20000224    00000008     Calculator.obj (.bss:operations)

.data      0    2000022c    00000028     UNINITIALIZED
                  2000022c    00000018     GPIO_Program.obj (.data:GPIO_Arr)
                  20000244    00000010     KeyPad.obj (.data:KeysArr)

.stack     0    20000000    00000200     UNINITIALIZED
                  20000000    00000004     rtsv7M4_T_le_v4SPD16_eabi.lib : boot_cortex_m.c.obj (.stack)
                  20000004    000001fc     --HOLE--

__llvm_prf_cnts 
*          0    20000000    00000000     UNINITIALIZED

MODULE SUMMARY

       Module                         code   ro data   rw data
       ------                         ----   -------   -------
    ./
       tm4c123gh6pm_startup_ccs.obj   12     620       0      
       main.obj                       48     144       0      
    +--+------------------------------+------+---------+---------+
       Total:                         60     764       0      
                                                              
    ./APP/
       Calculator.obj                 1664   0         44     
    +--+------------------------------+------+---------+---------+
       Total:                         1664   0         44     
                                                              
    ./HAL/KeyPad/
       KeyPad.obj                     232    0         16     
    +--+------------------------------+------+---------+---------+
       Total:                         232    0         16     
                                                              
    ./HAL/LCD/
       LCD.obj                        706    0         0      
    +--+------------------------------+------+---------+---------+
       Total:                         706    0         0      
                                                              
    ./LIB/
       UTILS.obj                      36     0         0      
    +--+------------------------------+------+---------+---------+
       Total:                         36     0         0      
                                                              
    ./MCAL/GPIO/
       GPIO_Program.obj               1128   0         24     
    +--+------------------------------+------+---------+---------+
       Total:                         1128   0         24     
                                                              
    /Applications/ti/ccs1240/ccs/tools/compiler/ti-cgt-arm_20.2.7.LTS/lib/rtsv7M4_T_le_v4SPD16_eabi.lib
       memcpy_t2.asm.obj              156    0         0      
       copy_decompress_lzss.c.obj     104    0         0      
       autoinit.c.obj                 68     0         0      
       boot_cortex_m.c.obj            52     0         0      
       copy_zero_init.c.obj           28     0         0      
       copy_decompress_none.c.obj     14     0         0      
       exit.c.obj                     4      0         0      
       pre_init.c.obj                 4      0         0      
    +--+------------------------------+------+---------+---------+
       Total:                         430    0         0      
                                                              
       Stack:                         0      0         512    
       Linker Generated:              0      77        0      
    +--+------------------------------+------+---------+---------+
       Grand Total:                   4256   841       596    


LINKER GENERATED COPY TABLES

__TI_cinit_table @ 000013e0 records: 2, size/record: 8, table size: 16
	.data: load addr=000013a0, load size=00000029 bytes, run addr=2000022c, run size=00000028 bytes, compression=lzss
	.bss: load addr=000013d8, load size=00000008 bytes, run addr=20000200, run size=0000002c bytes, compression=zero_init


LINKER GENERATED HANDLER TABLE

__TI_handler_table @ 000013cc records: 3, size/record: 4, table size: 12
	index: 0, handler: __TI_decompress_lzss
	index: 1, handler: __TI_decompress_none
	index: 2, handler: __TI_zero_init


GLOBAL SYMBOLS: SORTED ALPHABETICALLY BY Name 

address   name                          
-------   ----                          
0000130b  C$$EXIT                       
00000279  Calculator_Runnable           
0000026d  Calculator_init               
00000ca1  GPIO_GetPinValue              
00000d09  GPIO_GetPortValue             
000008ed  GPIO_Init                     
00000bf5  GPIO_SetPinValue              
00000c4f  GPIO_SetPortValue             
00001049  KEYPAD_GetKey                 
00001019  KEYPAD_Init                   
00000e6d  LCD_Clear                     
00000f2f  LCD_GoTo                      
00000d55  LCD_Init                      
00000dad  LCD_WriteChar                 
00000e7d  LCD_WriteData                 
00000f65  LCD_WriteInstruction          
00000dbd  LCD_WriteNumber               
00000d7d  LCD_WriteString               
000012fb  ResetISR                      
20000200  __STACK_END                   
00000200  __STACK_SIZE                  
20000200  __STACK_TOP                   
000013e0  __TI_CINIT_Base               
000013f0  __TI_CINIT_Limit              
000013cc  __TI_Handler_Table_Base       
000013d8  __TI_Handler_Table_Limit      
00001205  __TI_auto_init_nobinit_nopinit
0000119d  __TI_decompress_lzss          
000012ed  __TI_decompress_none          
ffffffff  __TI_pprof_out_hndl           
ffffffff  __TI_prof_data_size           
ffffffff  __TI_prof_data_start          
00000000  __TI_static_base__            
000012d1  __TI_zero_init_nomemset       
00001101  __aeabi_memcpy                
00001101  __aeabi_memcpy4               
00001101  __aeabi_memcpy8               
ffffffff  __binit__                     
ffffffff  __c_args__                    
UNDEFED   __mpu_init                    
20000000  __stack                       
20000000  __start___llvm_prf_cnts       
20000000  __stop___llvm_prf_cnts        
00001249  _c_int00_noargs               
UNDEFED   _system_post_cinit            
00001307  _system_pre_init              
0000130b  abort                         
ffffffff  binit                         
00000681  calculate                     
000004ad  calculate_priority            
000012ad  delay                         
00000000  g_pfnVectors                  
0000031d  handleNumberPressed           
00000397  handleOperation               
0000127d  main                          
00001101  memcpy                        
000007e7  moveIntTolast                 
00000823  moveOperationToLast           
000007bb  print_Entery                  
00000757  resetCalculator               
00000881  swapOperation                 
0000085b  swapS32                       


GLOBAL SYMBOLS: SORTED BY Symbol Address 

address   name                          
-------   ----                          
00000000  __TI_static_base__            
00000000  g_pfnVectors                  
00000200  __STACK_SIZE                  
0000026d  Calculator_init               
00000279  Calculator_Runnable           
0000031d  handleNumberPressed           
00000397  handleOperation               
000004ad  calculate_priority            
00000681  calculate                     
00000757  resetCalculator               
000007bb  print_Entery                  
000007e7  moveIntTolast                 
00000823  moveOperationToLast           
0000085b  swapS32                       
00000881  swapOperation                 
000008ed  GPIO_Init                     
00000bf5  GPIO_SetPinValue              
00000c4f  GPIO_SetPortValue             
00000ca1  GPIO_GetPinValue              
00000d09  GPIO_GetPortValue             
00000d55  LCD_Init                      
00000d7d  LCD_WriteString               
00000dad  LCD_WriteChar                 
00000dbd  LCD_WriteNumber               
00000e6d  LCD_Clear                     
00000e7d  LCD_WriteData                 
00000f2f  LCD_GoTo                      
00000f65  LCD_WriteInstruction          
00001019  KEYPAD_Init                   
00001049  KEYPAD_GetKey                 
00001101  __aeabi_memcpy                
00001101  __aeabi_memcpy4               
00001101  __aeabi_memcpy8               
00001101  memcpy                        
0000119d  __TI_decompress_lzss          
00001205  __TI_auto_init_nobinit_nopinit
00001249  _c_int00_noargs               
0000127d  main                          
000012ad  delay                         
000012d1  __TI_zero_init_nomemset       
000012ed  __TI_decompress_none          
000012fb  ResetISR                      
00001307  _system_pre_init              
0000130b  C$$EXIT                       
0000130b  abort                         
000013cc  __TI_Handler_Table_Base       
000013d8  __TI_Handler_Table_Limit      
000013e0  __TI_CINIT_Base               
000013f0  __TI_CINIT_Limit              
20000000  __stack                       
20000000  __start___llvm_prf_cnts       
20000000  __stop___llvm_prf_cnts        
20000200  __STACK_END                   
20000200  __STACK_TOP                   
ffffffff  __TI_pprof_out_hndl           
ffffffff  __TI_prof_data_size           
ffffffff  __TI_prof_data_start          
ffffffff  __binit__                     
ffffffff  __c_args__                    
ffffffff  binit                         
UNDEFED   __mpu_init                    
UNDEFED   _system_post_cinit            

[62 symbols]
