******************************************************************************
                  TI ARM Linker Unix v20.2.7                   
******************************************************************************
>> Linked Mon Aug 28 05:47:26 2023

OUTPUT FILE NAME:   <stop_watch.out>
ENTRY POINT SYMBOL: "_c_int00_noargs"  address: 00000dfd


MEMORY CONFIGURATION

         name            origin    length      used     unused   attr    fill
----------------------  --------  ---------  --------  --------  ----  --------
  FLASH                 00000000   00040000  00000f34  0003f0cc  R  X
  SRAM                  20000000   00008000  0000022a  00007dd6  RW X


SEGMENT ALLOCATION MAP

run origin  load origin   length   init length attrs members
----------  ----------- ---------- ----------- ----- -------
00000000    00000000    00000f38   00000f38    r-x
  00000000    00000000    0000026c   0000026c    r-- .intvecs
  0000026c    0000026c    00000c28   00000c28    r-x .text
  00000e94    00000e94    00000060   00000060    r-- .const
  00000ef8    00000ef8    00000040   00000040    r-- .cinit
20000000    20000000    0000022c   00000000    rw-
  20000000    20000000    00000200   00000000    rw- .stack
  20000200    20000200    00000026   00000000    rw- .data
  20000228    20000228    00000004   00000000    rw- .bss


SECTION ALLOCATION MAP

 output                                  attributes/
section   page    origin      length       input sections
--------  ----  ----------  ----------   ----------------
.intvecs   0    00000000    0000026c     
                  00000000    0000026c     tm4c123gh6pm_startup_ccs.obj (.intvecs)

.text      0    0000026c    00000c28     
                  0000026c    00000468     GPIO_Program.obj (.text)
                  000006d4    000002c4     LCD.obj (.text)
                  00000998    00000228     STOP_WATCH.obj (.text)
                  00000bc0    0000009c     rtsv7M4_T_le_v4SPD16_eabi.lib : memcpy_t2.asm.obj (.text)
                  00000c5c    0000007c     systick.obj (.text)
                  00000cd8    00000068     rtsv7M4_T_le_v4SPD16_eabi.lib : copy_decompress_lzss.c.obj (.text:decompress:lzss:__TI_decompress_lzss)
                  00000d40    00000044                                   : autoinit.c.obj (.text:__TI_auto_init_nobinit_nopinit:__TI_auto_init_nobinit_nopinit)
                  00000d84    00000040                                   : u_divt2.asm.obj (.text)
                  00000dc4    00000038     main.obj (.text)
                  00000dfc    00000034     rtsv7M4_T_le_v4SPD16_eabi.lib : boot_cortex_m.c.obj (.text:_c_int00_noargs:_c_int00_noargs)
                  00000e30    00000024     UTILS.obj (.text)
                  00000e54    0000001c     rtsv7M4_T_le_v4SPD16_eabi.lib : copy_zero_init.c.obj (.text:decompress:ZI:__TI_zero_init_nomemset:__TI_zero_init_nomemset)
                  00000e70    0000000e                                   : copy_decompress_none.c.obj (.text:decompress:none:__TI_decompress_none)
                  00000e7e    0000000c     tm4c123gh6pm_startup_ccs.obj (.text)
                  00000e8a    00000004     rtsv7M4_T_le_v4SPD16_eabi.lib : pre_init.c.obj (.text:_system_pre_init)
                  00000e8e    00000004                                   : exit.c.obj (.text:abort:abort)
                  00000e92    00000002                                   : div0.asm.obj (.text)

.const     0    00000e94    00000060     
                  00000e94    00000060     main.obj (.const:$P$T0$1)

.cinit     0    00000ef8    00000040     
                  00000ef8    0000001b     (.cinit..data.load) [load image, compression = lzss]
                  00000f13    00000001     --HOLE-- [fill = 0]
                  00000f14    0000000c     (__TI_handler_table)
                  00000f20    00000008     (.cinit..bss.load) [load image, compression = zero_init]
                  00000f28    00000010     (__TI_cinit_table)

.init_array 
*          0    00000000    00000000     UNINITIALIZED

.data      0    20000200    00000026     UNINITIALIZED
                  20000200    00000018     GPIO_Program.obj (.data:GPIO_Arr)
                  20000218    0000000e     STOP_WATCH.obj (.data)

.bss       0    20000228    00000004     UNINITIALIZED
                  20000228    00000004     systick.obj (.bss)

.stack     0    20000000    00000200     UNINITIALIZED
                  20000000    00000004     rtsv7M4_T_le_v4SPD16_eabi.lib : boot_cortex_m.c.obj (.stack)
                  20000004    000001fc     --HOLE--

__llvm_prf_cnts 
*          0    20000000    00000000     UNINITIALIZED

MODULE SUMMARY

       Module                         code   ro data   rw data
       ------                         ----   -------   -------
    ./
       tm4c123gh6pm_startup_ccs.obj   12     620       0      
       main.obj                       56     96        0      
    +--+------------------------------+------+---------+---------+
       Total:                         68     716       0      
                                                              
    ./APP/
       STOP_WATCH.obj                 552    0         14     
    +--+------------------------------+------+---------+---------+
       Total:                         552    0         14     
                                                              
    ./HAL/LCD/
       LCD.obj                        708    0         0      
    +--+------------------------------+------+---------+---------+
       Total:                         708    0         0      
                                                              
    ./LIB/
       UTILS.obj                      36     0         0      
    +--+------------------------------+------+---------+---------+
       Total:                         36     0         0      
                                                              
    ./MCAL/GPIO/
       GPIO_Program.obj               1128   0         24     
    +--+------------------------------+------+---------+---------+
       Total:                         1128   0         24     
                                                              
    ./MCAL/SYSTICK/
       systick.obj                    124    0         4      
    +--+------------------------------+------+---------+---------+
       Total:                         124    0         4      
                                                              
    /Applications/ti/ccs1240/ccs/tools/compiler/ti-cgt-arm_20.2.7.LTS/lib/rtsv7M4_T_le_v4SPD16_eabi.lib
       memcpy_t2.asm.obj              156    0         0      
       copy_decompress_lzss.c.obj     104    0         0      
       autoinit.c.obj                 68     0         0      
       u_divt2.asm.obj                64     0         0      
       boot_cortex_m.c.obj            52     0         0      
       copy_zero_init.c.obj           28     0         0      
       copy_decompress_none.c.obj     14     0         0      
       exit.c.obj                     4      0         0      
       pre_init.c.obj                 4      0         0      
       div0.asm.obj                   2      0         0      
    +--+------------------------------+------+---------+---------+
       Total:                         496    0         0      
                                                              
       Stack:                         0      0         512    
       Linker Generated:              0      63        0      
    +--+------------------------------+------+---------+---------+
       Grand Total:                   3112   779       554    


LINKER GENERATED COPY TABLES

__TI_cinit_table @ 00000f28 records: 2, size/record: 8, table size: 16
	.data: load addr=00000ef8, load size=0000001b bytes, run addr=20000200, run size=00000026 bytes, compression=lzss
	.bss: load addr=00000f20, load size=00000008 bytes, run addr=20000228, run size=00000004 bytes, compression=zero_init


LINKER GENERATED HANDLER TABLE

__TI_handler_table @ 00000f14 records: 3, size/record: 4, table size: 12
	index: 0, handler: __TI_decompress_lzss
	index: 1, handler: __TI_decompress_none
	index: 2, handler: __TI_zero_init


GLOBAL SYMBOLS: SORTED ALPHABETICALLY BY Name 

address   name                          
-------   ----                          
00000e8f  C$$EXIT                       
00000621  GPIO_GetPinValue              
00000689  GPIO_GetPortValue             
0000026d  GPIO_Init                     
00000575  GPIO_SetPinValue              
000005cf  GPIO_SetPortValue             
000007f1  LCD_Clear                     
000008b3  LCD_GoTo                      
000006d5  LCD_Init                      
0000072d  LCD_WriteChar                 
00000801  LCD_WriteData                 
000008e7  LCD_WriteInstruction          
0000073d  LCD_WriteNumber               
000006fd  LCD_WriteString               
00000e7f  ResetISR                      
00000999  STOP_WATCH_Init               
000009a7  STOP_WATCH_Runnable           
00000c69  SysTickDisable                
00000c5d  SysTickEnable                 
00000cbb  SysTickISR                    
00000c81  SysTickIntDisable             
00000c75  SysTickIntEnable              
00000c8d  SysTickPeriodSet              
00000cab  SysTickSetCallBack            
20000200  __STACK_END                   
00000200  __STACK_SIZE                  
20000200  __STACK_TOP                   
00000f28  __TI_CINIT_Base               
00000f38  __TI_CINIT_Limit              
00000f14  __TI_Handler_Table_Base       
00000f20  __TI_Handler_Table_Limit      
00000d41  __TI_auto_init_nobinit_nopinit
00000cd9  __TI_decompress_lzss          
00000e71  __TI_decompress_none          
ffffffff  __TI_pprof_out_hndl           
ffffffff  __TI_prof_data_size           
ffffffff  __TI_prof_data_start          
00000000  __TI_static_base__            
00000e55  __TI_zero_init_nomemset       
00000e93  __aeabi_idiv0                 
00000e93  __aeabi_ldiv0                 
00000bc1  __aeabi_memcpy                
00000bc1  __aeabi_memcpy4               
00000bc1  __aeabi_memcpy8               
00000d85  __aeabi_uidiv                 
00000d85  __aeabi_uidivmod              
ffffffff  __binit__                     
ffffffff  __c_args__                    
UNDEFED   __mpu_init                    
20000000  __stack                       
20000000  __start___llvm_prf_cnts       
20000000  __stop___llvm_prf_cnts        
00000dfd  _c_int00_noargs               
UNDEFED   _system_post_cinit            
00000e8b  _system_pre_init              
00000e8f  abort                         
ffffffff  binit                         
00000b69  callBack                      
20000225  currentLap                    
20000224  currentState                  
00000e31  delay                         
00000000  g_pfnVectors                  
00000dc5  main                          
00000bc1  memcpy                        
00000b3d  printStopWatchEntery          
00000ab1  printWatchAt                  
00000a93  resetWatch                    
20000223  value                         


GLOBAL SYMBOLS: SORTED BY Symbol Address 

address   name                          
-------   ----                          
00000000  __TI_static_base__            
00000000  g_pfnVectors                  
00000200  __STACK_SIZE                  
0000026d  GPIO_Init                     
00000575  GPIO_SetPinValue              
000005cf  GPIO_SetPortValue             
00000621  GPIO_GetPinValue              
00000689  GPIO_GetPortValue             
000006d5  LCD_Init                      
000006fd  LCD_WriteString               
0000072d  LCD_WriteChar                 
0000073d  LCD_WriteNumber               
000007f1  LCD_Clear                     
00000801  LCD_WriteData                 
000008b3  LCD_GoTo                      
000008e7  LCD_WriteInstruction          
00000999  STOP_WATCH_Init               
000009a7  STOP_WATCH_Runnable           
00000a93  resetWatch                    
00000ab1  printWatchAt                  
00000b3d  printStopWatchEntery          
00000b69  callBack                      
00000bc1  __aeabi_memcpy                
00000bc1  __aeabi_memcpy4               
00000bc1  __aeabi_memcpy8               
00000bc1  memcpy                        
00000c5d  SysTickEnable                 
00000c69  SysTickDisable                
00000c75  SysTickIntEnable              
00000c81  SysTickIntDisable             
00000c8d  SysTickPeriodSet              
00000cab  SysTickSetCallBack            
00000cbb  SysTickISR                    
00000cd9  __TI_decompress_lzss          
00000d41  __TI_auto_init_nobinit_nopinit
00000d85  __aeabi_uidiv                 
00000d85  __aeabi_uidivmod              
00000dc5  main                          
00000dfd  _c_int00_noargs               
00000e31  delay                         
00000e55  __TI_zero_init_nomemset       
00000e71  __TI_decompress_none          
00000e7f  ResetISR                      
00000e8b  _system_pre_init              
00000e8f  C$$EXIT                       
00000e8f  abort                         
00000e93  __aeabi_idiv0                 
00000e93  __aeabi_ldiv0                 
00000f14  __TI_Handler_Table_Base       
00000f20  __TI_Handler_Table_Limit      
00000f28  __TI_CINIT_Base               
00000f38  __TI_CINIT_Limit              
20000000  __stack                       
20000000  __start___llvm_prf_cnts       
20000000  __stop___llvm_prf_cnts        
20000200  __STACK_END                   
20000200  __STACK_TOP                   
20000223  value                         
20000224  currentState                  
20000225  currentLap                    
ffffffff  __TI_pprof_out_hndl           
ffffffff  __TI_prof_data_size           
ffffffff  __TI_prof_data_start          
ffffffff  __binit__                     
ffffffff  __c_args__                    
ffffffff  binit                         
UNDEFED   __mpu_init                    
UNDEFED   _system_post_cinit            

[68 symbols]
